Report Physical info: 
------------------------+-----------------------+-----------+------------
                        |                       |Area (squm)|Leakage (uW)
------------------------+-----------------------+-----------+------------
Design Name             |FloatingPointMultiplier|           |            
  Total Instances       |                   1980|       3186|      65.512
    Macros              |                      0|          0|       0.000
    Pads                |                      0|          0|       0.000
    Phys                |                      0|          0|       0.000
    Blackboxes          |                      0|          0|       0.000
    Cells               |                   1980|       3186|      65.512
      Buffers           |                      0|          0|       0.000
      Inverters         |                    226|        120|       3.244
      Clock-Gates       |                      0|          0|       0.000
      Combinational     |                   1754|       3066|      62.269
      Latches           |                      0|          0|       0.000
      FlipFlops         |                      0|          0|       0.000
       Single-Bit FF    |                      0|          0|       0.000
       Multi-Bit FF     |                      0|          0|       0.000
       Clock-Gated      |                      0|           |            
       Bits             |                      0|          0|       0.000
         Load-Enabled   |                      0|           |            
         Clock-Gated    |                      0|           |            
  Tristate Pin Count    |                      0|           |            
Physical Info           |Placed                 |           |            
  Chip Size (mm x mm)   |0.133 x 0.133          |      17653|            
  Fixed Cell Area       |                       |          0|            
    Phys Only           |                      0|          0|            
  Placeable Area        |                       |       5298|            
  Movable Cell Area     |                       |       3186|            
  Utilization (%)       |                     60|           |            
  Chip Utilization (%)  |                     60|           |            
  Total Wire Length (mm)|                  6.601|           |            
  Longest Wire (mm)     |                  0.070|           |            
  Average Wire (mm)     |                  0.068|           |            
------------------------+-----------------------+-----------+------------
