warning: No library characterized for (process = 1.00 voltage = 0.85 temperature = 25.00) can be found in the database for power domain '/PD_TOP'  [NL-174]
Report Power (instances with prefix '*' are included in total) : 
-----+----------------------------+--------------------+---------------------+-------------------+-----------------
     | Instance                   | Internal Power(uw) | Switching Power(uw) | Leakage Power(uw) | Total Power(uw) 
-----+----------------------------+--------------------+---------------------+-------------------+-----------------
1    |*regA                       |           28.626663|            62.412464|           3.429893|        94.469025
2    |*regB                       |           28.626579|            61.988400|           3.429893|        94.044868
3    |*FloatingPointMultiplier_dut|          275.434296|           560.130310|          62.932274|       898.496887
4    |*outReg                     |           33.932652|            50.759193|           3.429893|        88.121735
5    |                            |                    |                     |                   |                 
6    |*TOTAL                      |          366.620178|           735.290344|          73.221954|      1175.132446
-----+----------------------------+--------------------+---------------------+-------------------+-----------------
